// Jest Snapshot v1, https://goo.gl/fbAQLP

exports[`StaticWebsite 1`] = `
{
  "Mappings": {
    "AWSCloudFrontPartitionHostedZoneIdMap": {
      "aws": {
        "zoneId": "Z2FDTNDATAQYW2",
      },
      "aws-cn": {
        "zoneId": "Z3RFFRIM2A3IF5",
      },
    },
  },
  "Parameters": {
    "BootstrapVersion": {
      "Default": "/cdk-bootstrap/hnb659fds/version",
      "Description": "Version of the CDK Bootstrap resources in this environment, automatically retrieved from SSM Parameter Store. [cdk:skip]",
      "Type": "AWS::SSM::Parameter::Value<String>",
    },
  },
  "Resources": {
    "AWS679f53fac002430cb0da5b7982bd22872D164C4C": {
      "DependsOn": [
        "AWS679f53fac002430cb0da5b7982bd2287ServiceRoleC1EA0FF2",
      ],
      "Properties": {
        "Code": {
          "S3Bucket": {
            "Fn::Sub": "cdk-hnb659fds-assets-\${AWS::AccountId}-eu-west-1",
          },
          "S3Key": "bc8ef58951f4c88e641dd23090e9d2e2e61c7530a07960e767522941e959b625.zip",
        },
        "Handler": "index.handler",
        "Role": {
          "Fn::GetAtt": [
            "AWS679f53fac002430cb0da5b7982bd2287ServiceRoleC1EA0FF2",
            "Arn",
          ],
        },
        "Runtime": "nodejs22.x",
        "Timeout": 120,
      },
      "Type": "AWS::Lambda::Function",
    },
    "AWS679f53fac002430cb0da5b7982bd2287ServiceRoleC1EA0FF2": {
      "Properties": {
        "AssumeRolePolicyDocument": {
          "Statement": [
            {
              "Action": "sts:AssumeRole",
              "Effect": "Allow",
              "Principal": {
                "Service": "lambda.amazonaws.com",
              },
            },
          ],
          "Version": "2012-10-17",
        },
        "ManagedPolicyArns": [
          {
            "Fn::Join": [
              "",
              [
                "arn:",
                {
                  "Ref": "AWS::Partition",
                },
                ":iam::aws:policy/service-role/AWSLambdaBasicExecutionRole",
              ],
            ],
          },
        ],
      },
      "Type": "AWS::IAM::Role",
    },
    "ApiDefaultRoute1D83B0D8": {
      "Properties": {
        "ApiId": {
          "Ref": "ApiF70053CD",
        },
        "AuthorizationType": "NONE",
        "RouteKey": "$default",
        "Target": {
          "Fn::Join": [
            "",
            [
              "integrations/",
              {
                "Ref": "ApiDefaultRouteIntegrationDB7B670E",
              },
            ],
          ],
        },
      },
      "Type": "AWS::ApiGatewayV2::Route",
    },
    "ApiDefaultRouteIntegrationDB7B670E": {
      "Properties": {
        "ApiId": {
          "Ref": "ApiF70053CD",
        },
        "IntegrationType": "AWS_PROXY",
        "IntegrationUri": {
          "Fn::GetAtt": [
            "Fn9270CBC0",
            "Arn",
          ],
        },
        "PayloadFormatVersion": "2.0",
      },
      "Type": "AWS::ApiGatewayV2::Integration",
    },
    "ApiDefaultRouteIntegrationPermission612BAC34": {
      "Properties": {
        "Action": "lambda:InvokeFunction",
        "FunctionName": {
          "Fn::GetAtt": [
            "Fn9270CBC0",
            "Arn",
          ],
        },
        "Principal": "apigateway.amazonaws.com",
        "SourceArn": {
          "Fn::Join": [
            "",
            [
              "arn:",
              {
                "Ref": "AWS::Partition",
              },
              ":execute-api:eu-west-1:",
              {
                "Ref": "AWS::AccountId",
              },
              ":",
              {
                "Ref": "ApiF70053CD",
              },
              "/*/*",
            ],
          ],
        },
      },
      "Type": "AWS::Lambda::Permission",
    },
    "ApiDefaultStage189A7074": {
      "Properties": {
        "ApiId": {
          "Ref": "ApiF70053CD",
        },
        "AutoDeploy": true,
        "StageName": "$default",
      },
      "Type": "AWS::ApiGatewayV2::Stage",
    },
    "ApiF70053CD": {
      "Properties": {
        "Name": "Api",
        "ProtocolType": "HTTP",
      },
      "Type": "AWS::ApiGatewayV2::Api",
    },
    "Fn9270CBC0": {
      "DependsOn": [
        "FnServiceRoleB9001A96",
      ],
      "Properties": {
        "Code": {
          "ZipFile": "inline",
        },
        "Handler": "index.handler",
        "Role": {
          "Fn::GetAtt": [
            "FnServiceRoleB9001A96",
            "Arn",
          ],
        },
        "Runtime": "nodejs24.x",
      },
      "Type": "AWS::Lambda::Function",
    },
    "FnServiceRoleB9001A96": {
      "Properties": {
        "AssumeRolePolicyDocument": {
          "Statement": [
            {
              "Action": "sts:AssumeRole",
              "Effect": "Allow",
              "Principal": {
                "Service": "lambda.amazonaws.com",
              },
            },
          ],
          "Version": "2012-10-17",
        },
        "ManagedPolicyArns": [
          {
            "Fn::Join": [
              "",
              [
                "arn:",
                {
                  "Ref": "AWS::Partition",
                },
                ":iam::aws:policy/service-role/AWSLambdaBasicExecutionRole",
              ],
            ],
          },
        ],
      },
      "Type": "AWS::IAM::Role",
    },
    "HostedZoneDB99F866": {
      "Properties": {
        "Name": "my-site.com.",
      },
      "Type": "AWS::Route53::HostedZone",
    },
    "StaticWebsiteARecord6F0B2A09": {
      "Properties": {
        "AliasTarget": {
          "DNSName": {
            "Fn::GetAtt": [
              "StaticWebsiteDistributionBAD21F75",
              "DomainName",
            ],
          },
          "HostedZoneId": {
            "Fn::FindInMap": [
              "AWSCloudFrontPartitionHostedZoneIdMap",
              {
                "Ref": "AWS::Partition",
              },
              "zoneId",
            ],
          },
        },
        "HostedZoneId": {
          "Ref": "HostedZoneDB99F866",
        },
        "Name": "www.my-site.com.",
        "Type": "A",
      },
      "Type": "AWS::Route53::RecordSet",
    },
    "StaticWebsiteAaaaRecordA6A958CD": {
      "Properties": {
        "AliasTarget": {
          "DNSName": {
            "Fn::GetAtt": [
              "StaticWebsiteDistributionBAD21F75",
              "DomainName",
            ],
          },
          "HostedZoneId": {
            "Fn::FindInMap": [
              "AWSCloudFrontPartitionHostedZoneIdMap",
              {
                "Ref": "AWS::Partition",
              },
              "zoneId",
            ],
          },
        },
        "HostedZoneId": {
          "Ref": "HostedZoneDB99F866",
        },
        "Name": "www.my-site.com.",
        "Type": "AAAA",
      },
      "Type": "AWS::Route53::RecordSet",
    },
    "StaticWebsiteBucket0E92E0FC": {
      "DeletionPolicy": "Retain",
      "Properties": {
        "PublicAccessBlockConfiguration": {
          "BlockPublicAcls": true,
          "BlockPublicPolicy": true,
          "IgnorePublicAcls": true,
          "RestrictPublicBuckets": true,
        },
      },
      "Type": "AWS::S3::Bucket",
      "UpdateReplacePolicy": "Retain",
    },
    "StaticWebsiteBucketPolicy86C0E5CF": {
      "Properties": {
        "Bucket": {
          "Ref": "StaticWebsiteBucket0E92E0FC",
        },
        "PolicyDocument": {
          "Statement": [
            {
              "Action": "s3:GetObject",
              "Condition": {
                "StringEquals": {
                  "AWS:SourceArn": {
                    "Fn::Join": [
                      "",
                      [
                        "arn:",
                        {
                          "Ref": "AWS::Partition",
                        },
                        ":cloudfront::",
                        {
                          "Ref": "AWS::AccountId",
                        },
                        ":distribution/",
                        {
                          "Ref": "StaticWebsiteDistributionBAD21F75",
                        },
                      ],
                    ],
                  },
                },
              },
              "Effect": "Allow",
              "Principal": {
                "Service": "cloudfront.amazonaws.com",
              },
              "Resource": {
                "Fn::Join": [
                  "",
                  [
                    {
                      "Fn::GetAtt": [
                        "StaticWebsiteBucket0E92E0FC",
                        "Arn",
                      ],
                    },
                    "/*",
                  ],
                ],
              },
            },
          ],
          "Version": "2012-10-17",
        },
      },
      "Type": "AWS::S3::BucketPolicy",
    },
    "StaticWebsiteDistributionBAD21F75": {
      "Properties": {
        "DistributionConfig": {
          "Aliases": [
            "www.my-site.com",
          ],
          "DefaultCacheBehavior": {
            "CachePolicyId": "658327ea-f89d-4fab-a63d-7e88639e58f6",
            "Compress": true,
            "FunctionAssociations": [
              {
                "EventType": "viewer-request",
                "FunctionARN": {
                  "Fn::GetAtt": [
                    "StaticWebsiteRewriteFunction32E38FCF",
                    "FunctionARN",
                  ],
                },
              },
            ],
            "ResponseHeadersPolicyId": {
              "Ref": "StaticWebsiteResponseHeadersPolicyF3EBE566",
            },
            "TargetOriginId": "StackStaticWebsiteDistributionOrigin103625211",
            "ViewerProtocolPolicy": "redirect-to-https",
          },
          "DefaultRootObject": "index.html",
          "Enabled": true,
          "HttpVersion": "http2and3",
          "IPV6Enabled": true,
          "Origins": [
            {
              "DomainName": {
                "Fn::GetAtt": [
                  "StaticWebsiteBucket0E92E0FC",
                  "RegionalDomainName",
                ],
              },
              "Id": "StackStaticWebsiteDistributionOrigin103625211",
              "OriginAccessControlId": {
                "Fn::GetAtt": [
                  "StaticWebsiteDistributionOrigin1S3OriginAccessControlC2387C0F",
                  "Id",
                ],
              },
              "S3OriginConfig": {
                "OriginAccessIdentity": "",
              },
            },
          ],
          "ViewerCertificate": {
            "AcmCertificateArn": "arn:aws:acm:us-east-1:123456789012:certificate/abcd-efgh-ijkl-mnop",
            "MinimumProtocolVersion": "TLSv1.2_2021",
            "SslSupportMethod": "sni-only",
          },
        },
      },
      "Type": "AWS::CloudFront::Distribution",
    },
    "StaticWebsiteDistributionOrigin1S3OriginAccessControlC2387C0F": {
      "Properties": {
        "OriginAccessControlConfig": {
          "Name": "StackStaticWebsiteDistributiOrigin1S3OriginAccessControlFD4B1A13",
          "OriginAccessControlOriginType": "s3",
          "SigningBehavior": "always",
          "SigningProtocol": "sigv4",
        },
      },
      "Type": "AWS::CloudFront::OriginAccessControl",
    },
    "StaticWebsiteHttpsRecord6CF10F2C": {
      "Properties": {
        "AliasTarget": {
          "DNSName": {
            "Fn::GetAtt": [
              "StaticWebsiteDistributionBAD21F75",
              "DomainName",
            ],
          },
          "HostedZoneId": {
            "Fn::FindInMap": [
              "AWSCloudFrontPartitionHostedZoneIdMap",
              {
                "Ref": "AWS::Partition",
              },
              "zoneId",
            ],
          },
        },
        "HostedZoneId": {
          "Ref": "HostedZoneDB99F866",
        },
        "Name": "www.my-site.com.",
        "Type": "HTTPS",
      },
      "Type": "AWS::Route53::RecordSet",
    },
    "StaticWebsitePutConfig8F8DD69A": {
      "DeletionPolicy": "Delete",
      "DependsOn": [
        "StaticWebsitePutConfigCustomResourcePolicy54D08151",
      ],
      "Properties": {
        "Create": {
          "Fn::Join": [
            "",
            [
              "{"service":"S3","action":"putObject","parameters":{"Bucket":"",
              {
                "Ref": "StaticWebsiteBucket0E92E0FC",
              },
              "","Key":"config.json","Body":"{\\"key1\\":\\"value1\\",\\"key2\\":\\"value2\\",\\"apiUrl\\":\\"https://",
              {
                "Ref": "ApiF70053CD",
              },
              ".execute-api.eu-west-1.",
              {
                "Ref": "AWS::URLSuffix",
              },
              "/\\"}","ContentType":"application/json","CacheControl":"max-age=0, no-cache, no-store, must-revalidate"},"physicalResourceId":{"id":"config"}}",
            ],
          ],
        },
        "InstallLatestAwsSdk": true,
        "ServiceToken": {
          "Fn::GetAtt": [
            "AWS679f53fac002430cb0da5b7982bd22872D164C4C",
            "Arn",
          ],
        },
        "Update": {
          "Fn::Join": [
            "",
            [
              "{"service":"S3","action":"putObject","parameters":{"Bucket":"",
              {
                "Ref": "StaticWebsiteBucket0E92E0FC",
              },
              "","Key":"config.json","Body":"{\\"key1\\":\\"value1\\",\\"key2\\":\\"value2\\",\\"apiUrl\\":\\"https://",
              {
                "Ref": "ApiF70053CD",
              },
              ".execute-api.eu-west-1.",
              {
                "Ref": "AWS::URLSuffix",
              },
              "/\\"}","ContentType":"application/json","CacheControl":"max-age=0, no-cache, no-store, must-revalidate"},"physicalResourceId":{"id":"config"}}",
            ],
          ],
        },
      },
      "Type": "Custom::AWS",
      "UpdateReplacePolicy": "Delete",
    },
    "StaticWebsitePutConfigCustomResourcePolicy54D08151": {
      "Properties": {
        "PolicyDocument": {
          "Statement": [
            {
              "Action": "s3:PutObject",
              "Effect": "Allow",
              "Resource": {
                "Fn::Join": [
                  "",
                  [
                    {
                      "Fn::GetAtt": [
                        "StaticWebsiteBucket0E92E0FC",
                        "Arn",
                      ],
                    },
                    "/config.json",
                  ],
                ],
              },
            },
          ],
          "Version": "2012-10-17",
        },
        "PolicyName": "StaticWebsitePutConfigCustomResourcePolicy54D08151",
        "Roles": [
          {
            "Ref": "AWS679f53fac002430cb0da5b7982bd2287ServiceRoleC1EA0FF2",
          },
        ],
      },
      "Type": "AWS::IAM::Policy",
    },
    "StaticWebsiteRedirectARecordmysitecom45D4EFA8": {
      "Properties": {
        "AliasTarget": {
          "DNSName": {
            "Fn::GetAtt": [
              "StaticWebsiteRedirectDistributionA10E29FF",
              "DomainName",
            ],
          },
          "HostedZoneId": {
            "Fn::FindInMap": [
              "AWSCloudFrontPartitionHostedZoneIdMap",
              {
                "Ref": "AWS::Partition",
              },
              "zoneId",
            ],
          },
        },
        "HostedZoneId": {
          "Ref": "HostedZoneDB99F866",
        },
        "Name": "my-site.com.",
        "Type": "A",
      },
      "Type": "AWS::Route53::RecordSet",
    },
    "StaticWebsiteRedirectAaaaRecordmysitecom9E9936CA": {
      "Properties": {
        "AliasTarget": {
          "DNSName": {
            "Fn::GetAtt": [
              "StaticWebsiteRedirectDistributionA10E29FF",
              "DomainName",
            ],
          },
          "HostedZoneId": {
            "Fn::FindInMap": [
              "AWSCloudFrontPartitionHostedZoneIdMap",
              {
                "Ref": "AWS::Partition",
              },
              "zoneId",
            ],
          },
        },
        "HostedZoneId": {
          "Ref": "HostedZoneDB99F866",
        },
        "Name": "my-site.com.",
        "Type": "AAAA",
      },
      "Type": "AWS::Route53::RecordSet",
    },
    "StaticWebsiteRedirectDistributionA10E29FF": {
      "Properties": {
        "DistributionConfig": {
          "Aliases": [
            "my-site.com",
          ],
          "Comment": "Redirect to www.my-site.com from my-site.com",
          "DefaultCacheBehavior": {
            "CachePolicyId": "658327ea-f89d-4fab-a63d-7e88639e58f6",
            "Compress": true,
            "FunctionAssociations": [
              {
                "EventType": "viewer-request",
                "FunctionARN": {
                  "Fn::GetAtt": [
                    "StaticWebsiteRedirectFunctionA4B8165C",
                    "FunctionARN",
                  ],
                },
              },
            ],
            "TargetOriginId": "StackStaticWebsiteRedirectDistributionOrigin157F27077",
            "ViewerProtocolPolicy": "redirect-to-https",
          },
          "DefaultRootObject": "",
          "Enabled": true,
          "HttpVersion": "http2and3",
          "IPV6Enabled": true,
          "Origins": [
            {
              "CustomOriginConfig": {
                "OriginProtocolPolicy": "https-only",
                "OriginSSLProtocols": [
                  "TLSv1.2",
                ],
              },
              "DomainName": "www.my-site.com",
              "Id": "StackStaticWebsiteRedirectDistributionOrigin157F27077",
            },
          ],
          "ViewerCertificate": {
            "AcmCertificateArn": "arn:aws:acm:us-east-1:123456789012:certificate/abcd-efgh-ijkl-mnop",
            "MinimumProtocolVersion": "TLSv1.2_2021",
            "SslSupportMethod": "sni-only",
          },
        },
      },
      "Type": "AWS::CloudFront::Distribution",
    },
    "StaticWebsiteRedirectFunctionA4B8165C": {
      "Properties": {
        "AutoPublish": true,
        "FunctionCode": "function handler(event) {
  return {
    statusCode: 301,
    statusDescription: 'Moved permanently',
    headers: {
      location: {
        value: 'https://www.my-site.com',
      },
    },
  };",
        "FunctionConfig": {
          "Comment": "eu-west-1StackStaticWebsiRedirectFunction172BEC3F",
          "Runtime": "cloudfront-js-1.0",
        },
        "Name": "eu-west-1StackStaticWebsiRedirectFunction172BEC3F",
      },
      "Type": "AWS::CloudFront::Function",
    },
    "StaticWebsiteRedirectHttpsRecordmysitecomB25F25A5": {
      "Properties": {
        "AliasTarget": {
          "DNSName": {
            "Fn::GetAtt": [
              "StaticWebsiteRedirectDistributionA10E29FF",
              "DomainName",
            ],
          },
          "HostedZoneId": {
            "Fn::FindInMap": [
              "AWSCloudFrontPartitionHostedZoneIdMap",
              {
                "Ref": "AWS::Partition",
              },
              "zoneId",
            ],
          },
        },
        "HostedZoneId": {
          "Ref": "HostedZoneDB99F866",
        },
        "Name": "my-site.com.",
        "Type": "HTTPS",
      },
      "Type": "AWS::Route53::RecordSet",
    },
    "StaticWebsiteResponseHeadersPolicyF3EBE566": {
      "Properties": {
        "ResponseHeadersPolicyConfig": {
          "Name": "StackStaticWebsiteResponseHeadersPolicyEF11926D",
          "SecurityHeadersConfig": {
            "ContentTypeOptions": {
              "Override": true,
            },
            "FrameOptions": {
              "FrameOption": "DENY",
              "Override": true,
            },
            "ReferrerPolicy": {
              "Override": true,
              "ReferrerPolicy": "strict-origin-when-cross-origin",
            },
            "StrictTransportSecurity": {
              "AccessControlMaxAgeSec": 31536000,
              "IncludeSubdomains": true,
              "Override": true,
              "Preload": true,
            },
            "XSSProtection": {
              "ModeBlock": true,
              "Override": true,
              "Protection": true,
            },
          },
        },
      },
      "Type": "AWS::CloudFront::ResponseHeadersPolicy",
    },
    "StaticWebsiteRewriteFunction32E38FCF": {
      "Properties": {
        "AutoPublish": true,
        "FunctionCode": "function handler(event) {
  const request = event.request;
  const uri = request.uri;
  const hasExtension = /.[a-zA-Z0-9]+$/.test(uri);
  if (!hasExtension) {
    request.uri = '/index.html';
  }
  return request;
  }",
        "FunctionConfig": {
          "Comment": "eu-west-1StackStaticWebsiteRewriteFunction4EBA86F3",
          "Runtime": "cloudfront-js-1.0",
        },
        "Name": "eu-west-1StackStaticWebsiteRewriteFunction4EBA86F3",
      },
      "Type": "AWS::CloudFront::Function",
    },
  },
  "Rules": {
    "CheckBootstrapVersion": {
      "Assertions": [
        {
          "Assert": {
            "Fn::Not": [
              {
                "Fn::Contains": [
                  [
                    "1",
                    "2",
                    "3",
                    "4",
                    "5",
                  ],
                  {
                    "Ref": "BootstrapVersion",
                  },
                ],
              },
            ],
          },
          "AssertDescription": "CDK bootstrap stack version 6 required. Please run 'cdk bootstrap' with a recent version of the CDK CLI.",
        },
      ],
    },
  },
}
`;
