// Jest Snapshot v1, https://goo.gl/fbAQLP

exports[`DmarcReporter 1`] = `
Object {
  "Parameters": Object {
    "BootstrapVersion": Object {
      "Default": "/cdk-bootstrap/hnb659fds/version",
      "Description": "Version of the CDK Bootstrap resources in this environment, automatically retrieved from SSM Parameter Store. [cdk:skip]",
      "Type": "AWS::SSM::Parameter::Value<String>",
    },
  },
  "Resources": Object {
    "DmarcReporterDmarcRecord500F74C9": Object {
      "Properties": Object {
        "HostedZoneId": Object {
          "Ref": "HostedZoneDB99F866",
        },
        "Name": "_dmarc.example.com.",
        "ResourceRecords": Array [
          "\\"v=DMARC1; p=reject; rua=mailto:dmarc-reports@example.com,mailto:someaddress@dmarc-service.com,mailto:otheraddress@other-service.com; sp=quarantine; pct=55; adkim=r; aspf=s\\"",
        ],
        "TTL": "1800",
        "Type": "TXT",
      },
      "Type": "AWS::Route53::RecordSet",
    },
    "DmarcReporterEmailReceiverBucketF1700F35": Object {
      "DeletionPolicy": "Retain",
      "Properties": Object {
        "BucketEncryption": Object {
          "ServerSideEncryptionConfiguration": Array [
            Object {
              "ServerSideEncryptionByDefault": Object {
                "SSEAlgorithm": "AES256",
              },
            },
          ],
        },
        "LifecycleConfiguration": Object {
          "Rules": Array [
            Object {
              "ExpirationInDays": 1,
              "Status": "Enabled",
            },
          ],
        },
        "PublicAccessBlockConfiguration": Object {
          "BlockPublicAcls": true,
          "BlockPublicPolicy": true,
          "IgnorePublicAcls": true,
          "RestrictPublicBuckets": true,
        },
      },
      "Type": "AWS::S3::Bucket",
      "UpdateReplacePolicy": "Retain",
    },
    "DmarcReporterEmailReceiverBucketPolicy7E4F847B": Object {
      "Properties": Object {
        "Bucket": Object {
          "Ref": "DmarcReporterEmailReceiverBucketF1700F35",
        },
        "PolicyDocument": Object {
          "Statement": Array [
            Object {
              "Action": "s3:PutObject",
              "Condition": Object {
                "StringEquals": Object {
                  "aws:Referer": Object {
                    "Ref": "AWS::AccountId",
                  },
                },
              },
              "Effect": "Allow",
              "Principal": Object {
                "Service": "ses.amazonaws.com",
              },
              "Resource": Object {
                "Fn::Join": Array [
                  "",
                  Array [
                    Object {
                      "Fn::GetAtt": Array [
                        "DmarcReporterEmailReceiverBucketF1700F35",
                        "Arn",
                      ],
                    },
                    "/*",
                  ],
                ],
              },
            },
          ],
          "Version": "2012-10-17",
        },
      },
      "Type": "AWS::S3::BucketPolicy",
    },
    "DmarcReporterEmailReceiverReceiptRuleA0500AF6": Object {
      "DependsOn": Array [
        "DmarcReporterEmailReceiverBucketPolicy7E4F847B",
      ],
      "Properties": Object {
        "Rule": Object {
          "Actions": Array [
            Object {
              "S3Action": Object {
                "BucketName": Object {
                  "Ref": "DmarcReporterEmailReceiverBucketF1700F35",
                },
                "TopicArn": Object {
                  "Ref": "DmarcReporterEmailReceiverTopic85110845",
                },
              },
            },
          ],
          "Enabled": true,
          "Recipients": Array [
            "dmarc-reports@example.com",
          ],
        },
        "RuleSetName": "rule-set",
      },
      "Type": "AWS::SES::ReceiptRule",
    },
    "DmarcReporterEmailReceiverTopic85110845": Object {
      "Type": "AWS::SNS::Topic",
    },
    "DmarcReporterEmailReceivers3AllowInvokeDmarcReporterEmailReceiverTopicB672F6604C5D9E00": Object {
      "Properties": Object {
        "Action": "lambda:InvokeFunction",
        "FunctionName": Object {
          "Fn::GetAtt": Array [
            "DmarcReporterEmailReceivers3DE5A5BB4",
            "Arn",
          ],
        },
        "Principal": "sns.amazonaws.com",
        "SourceArn": Object {
          "Ref": "DmarcReporterEmailReceiverTopic85110845",
        },
      },
      "Type": "AWS::Lambda::Permission",
    },
    "DmarcReporterEmailReceivers3DE5A5BB4": Object {
      "DependsOn": Array [
        "DmarcReporterEmailReceivers3ServiceRoleDefaultPolicy3B6AE52A",
        "DmarcReporterEmailReceivers3ServiceRole17AB0AE4",
      ],
      "Properties": Object {
        "Code": Object {
          "S3Bucket": Object {
            "Fn::Sub": "cdk-hnb659fds-assets-\${AWS::AccountId}-\${AWS::Region}",
          },
          "S3Key": "3d78437d64ccf325f4a2ea52c0f2ff10b36acb4bf8d1077b2ad1811284aa4b46.zip",
        },
        "Description": "src/email-receiver/s3.lambda.ts",
        "Environment": Object {
          "Variables": Object {
            "AWS_NODEJS_CONNECTION_REUSE_ENABLED": "1",
          },
        },
        "Handler": "index.handler",
        "Role": Object {
          "Fn::GetAtt": Array [
            "DmarcReporterEmailReceivers3ServiceRole17AB0AE4",
            "Arn",
          ],
        },
        "Runtime": "nodejs20.x",
      },
      "Type": "AWS::Lambda::Function",
    },
    "DmarcReporterEmailReceivers3EventInvokeConfig7BBE4497": Object {
      "Properties": Object {
        "DestinationConfig": Object {
          "OnSuccess": Object {
            "Destination": Object {
              "Fn::Join": Array [
                "",
                Array [
                  "arn:",
                  Object {
                    "Ref": "AWS::Partition",
                  },
                  ":events:",
                  Object {
                    "Ref": "AWS::Region",
                  },
                  ":",
                  Object {
                    "Ref": "AWS::AccountId",
                  },
                  ":event-bus/default",
                ],
              ],
            },
          },
        },
        "FunctionName": Object {
          "Ref": "DmarcReporterEmailReceivers3DE5A5BB4",
        },
        "Qualifier": "$LATEST",
      },
      "Type": "AWS::Lambda::EventInvokeConfig",
    },
    "DmarcReporterEmailReceivers3EventInvokeConfigSuccessAllowEventRuleFn9E622E4A": Object {
      "Properties": Object {
        "Action": "lambda:InvokeFunction",
        "FunctionName": Object {
          "Fn::GetAtt": Array [
            "Fn9270CBC0",
            "Arn",
          ],
        },
        "Principal": "events.amazonaws.com",
        "SourceArn": Object {
          "Fn::GetAtt": Array [
            "DmarcReporterEmailReceivers3EventInvokeConfigSuccessED23FE4E",
            "Arn",
          ],
        },
      },
      "Type": "AWS::Lambda::Permission",
    },
    "DmarcReporterEmailReceivers3EventInvokeConfigSuccessED23FE4E": Object {
      "Properties": Object {
        "EventPattern": Object {
          "detail-type": Array [
            "Lambda Function Invocation Result - Success",
          ],
          "resources": Array [
            Object {
              "Fn::Join": Array [
                "",
                Array [
                  Object {
                    "Fn::GetAtt": Array [
                      "DmarcReporterEmailReceivers3DE5A5BB4",
                      "Arn",
                    ],
                  },
                  ":$LATEST",
                ],
              ],
            },
          ],
          "source": Array [
            "lambda",
          ],
        },
        "State": "ENABLED",
        "Targets": Array [
          Object {
            "Arn": Object {
              "Fn::GetAtt": Array [
                "Fn9270CBC0",
                "Arn",
              ],
            },
            "Id": "Target0",
            "InputPath": "$.detail.responsePayload",
          },
        ],
      },
      "Type": "AWS::Events::Rule",
    },
    "DmarcReporterEmailReceivers3LogRetention16D3E702": Object {
      "Properties": Object {
        "LogGroupName": Object {
          "Fn::Join": Array [
            "",
            Array [
              "/aws/lambda/",
              Object {
                "Ref": "DmarcReporterEmailReceivers3DE5A5BB4",
              },
            ],
          ],
        },
        "RetentionInDays": 30,
        "ServiceToken": Object {
          "Fn::GetAtt": Array [
            "LogRetentionaae0aa3c5b4d4f87b02d85b201efdd8aFD4BFC8A",
            "Arn",
          ],
        },
      },
      "Type": "Custom::LogRetention",
    },
    "DmarcReporterEmailReceivers3ServiceRole17AB0AE4": Object {
      "Properties": Object {
        "AssumeRolePolicyDocument": Object {
          "Statement": Array [
            Object {
              "Action": "sts:AssumeRole",
              "Effect": "Allow",
              "Principal": Object {
                "Service": "lambda.amazonaws.com",
              },
            },
          ],
          "Version": "2012-10-17",
        },
        "ManagedPolicyArns": Array [
          Object {
            "Fn::Join": Array [
              "",
              Array [
                "arn:",
                Object {
                  "Ref": "AWS::Partition",
                },
                ":iam::aws:policy/service-role/AWSLambdaBasicExecutionRole",
              ],
            ],
          },
        ],
      },
      "Type": "AWS::IAM::Role",
    },
    "DmarcReporterEmailReceivers3ServiceRoleDefaultPolicy3B6AE52A": Object {
      "Properties": Object {
        "PolicyDocument": Object {
          "Statement": Array [
            Object {
              "Action": "events:PutEvents",
              "Effect": "Allow",
              "Resource": Object {
                "Fn::Join": Array [
                  "",
                  Array [
                    "arn:",
                    Object {
                      "Ref": "AWS::Partition",
                    },
                    ":events:",
                    Object {
                      "Ref": "AWS::Region",
                    },
                    ":",
                    Object {
                      "Ref": "AWS::AccountId",
                    },
                    ":event-bus/default",
                  ],
                ],
              },
            },
          ],
          "Version": "2012-10-17",
        },
        "PolicyName": "DmarcReporterEmailReceivers3ServiceRoleDefaultPolicy3B6AE52A",
        "Roles": Array [
          Object {
            "Ref": "DmarcReporterEmailReceivers3ServiceRole17AB0AE4",
          },
        ],
      },
      "Type": "AWS::IAM::Policy",
    },
    "DmarcReporterEmailReceivers3Topic123953AA": Object {
      "Properties": Object {
        "Endpoint": Object {
          "Fn::GetAtt": Array [
            "DmarcReporterEmailReceivers3DE5A5BB4",
            "Arn",
          ],
        },
        "Protocol": "lambda",
        "TopicArn": Object {
          "Ref": "DmarcReporterEmailReceiverTopic85110845",
        },
      },
      "Type": "AWS::SNS::Subscription",
    },
    "Fn9270CBC0": Object {
      "DependsOn": Array [
        "FnServiceRoleDefaultPolicyC6A839BF",
        "FnServiceRoleB9001A96",
      ],
      "Properties": Object {
        "Code": Object {
          "ZipFile": "export.handler = () => void;",
        },
        "Handler": "index.handler",
        "Role": Object {
          "Fn::GetAtt": Array [
            "FnServiceRoleB9001A96",
            "Arn",
          ],
        },
        "Runtime": "nodejs18.x",
      },
      "Type": "AWS::Lambda::Function",
    },
    "FnServiceRoleB9001A96": Object {
      "Properties": Object {
        "AssumeRolePolicyDocument": Object {
          "Statement": Array [
            Object {
              "Action": "sts:AssumeRole",
              "Effect": "Allow",
              "Principal": Object {
                "Service": "lambda.amazonaws.com",
              },
            },
          ],
          "Version": "2012-10-17",
        },
        "ManagedPolicyArns": Array [
          Object {
            "Fn::Join": Array [
              "",
              Array [
                "arn:",
                Object {
                  "Ref": "AWS::Partition",
                },
                ":iam::aws:policy/service-role/AWSLambdaBasicExecutionRole",
              ],
            ],
          },
        ],
      },
      "Type": "AWS::IAM::Role",
    },
    "FnServiceRoleDefaultPolicyC6A839BF": Object {
      "Properties": Object {
        "PolicyDocument": Object {
          "Statement": Array [
            Object {
              "Action": Array [
                "s3:GetObject*",
                "s3:GetBucket*",
                "s3:List*",
              ],
              "Effect": "Allow",
              "Resource": Array [
                Object {
                  "Fn::GetAtt": Array [
                    "DmarcReporterEmailReceiverBucketF1700F35",
                    "Arn",
                  ],
                },
                Object {
                  "Fn::Join": Array [
                    "",
                    Array [
                      Object {
                        "Fn::GetAtt": Array [
                          "DmarcReporterEmailReceiverBucketF1700F35",
                          "Arn",
                        ],
                      },
                      "/*",
                    ],
                  ],
                },
              ],
            },
          ],
          "Version": "2012-10-17",
        },
        "PolicyName": "FnServiceRoleDefaultPolicyC6A839BF",
        "Roles": Array [
          Object {
            "Ref": "FnServiceRoleB9001A96",
          },
        ],
      },
      "Type": "AWS::IAM::Policy",
    },
    "HostedZoneDB99F866": Object {
      "Properties": Object {
        "Name": "example.com.",
      },
      "Type": "AWS::Route53::HostedZone",
    },
    "LogRetentionaae0aa3c5b4d4f87b02d85b201efdd8aFD4BFC8A": Object {
      "DependsOn": Array [
        "LogRetentionaae0aa3c5b4d4f87b02d85b201efdd8aServiceRoleDefaultPolicyADDA7DEB",
        "LogRetentionaae0aa3c5b4d4f87b02d85b201efdd8aServiceRole9741ECFB",
      ],
      "Properties": Object {
        "Code": Object {
          "S3Bucket": Object {
            "Fn::Sub": "cdk-hnb659fds-assets-\${AWS::AccountId}-\${AWS::Region}",
          },
          "S3Key": "b120b13d9d868c7622e7db1b68bae4c0f82ffd0227b8c15f2cef38e186ff3827.zip",
        },
        "Handler": "index.handler",
        "Role": Object {
          "Fn::GetAtt": Array [
            "LogRetentionaae0aa3c5b4d4f87b02d85b201efdd8aServiceRole9741ECFB",
            "Arn",
          ],
        },
        "Runtime": "nodejs14.x",
      },
      "Type": "AWS::Lambda::Function",
    },
    "LogRetentionaae0aa3c5b4d4f87b02d85b201efdd8aServiceRole9741ECFB": Object {
      "Properties": Object {
        "AssumeRolePolicyDocument": Object {
          "Statement": Array [
            Object {
              "Action": "sts:AssumeRole",
              "Effect": "Allow",
              "Principal": Object {
                "Service": "lambda.amazonaws.com",
              },
            },
          ],
          "Version": "2012-10-17",
        },
        "ManagedPolicyArns": Array [
          Object {
            "Fn::Join": Array [
              "",
              Array [
                "arn:",
                Object {
                  "Ref": "AWS::Partition",
                },
                ":iam::aws:policy/service-role/AWSLambdaBasicExecutionRole",
              ],
            ],
          },
        ],
      },
      "Type": "AWS::IAM::Role",
    },
    "LogRetentionaae0aa3c5b4d4f87b02d85b201efdd8aServiceRoleDefaultPolicyADDA7DEB": Object {
      "Properties": Object {
        "PolicyDocument": Object {
          "Statement": Array [
            Object {
              "Action": Array [
                "logs:PutRetentionPolicy",
                "logs:DeleteRetentionPolicy",
              ],
              "Effect": "Allow",
              "Resource": "*",
            },
          ],
          "Version": "2012-10-17",
        },
        "PolicyName": "LogRetentionaae0aa3c5b4d4f87b02d85b201efdd8aServiceRoleDefaultPolicyADDA7DEB",
        "Roles": Array [
          Object {
            "Ref": "LogRetentionaae0aa3c5b4d4f87b02d85b201efdd8aServiceRole9741ECFB",
          },
        ],
      },
      "Type": "AWS::IAM::Policy",
    },
  },
  "Rules": Object {
    "CheckBootstrapVersion": Object {
      "Assertions": Array [
        Object {
          "Assert": Object {
            "Fn::Not": Array [
              Object {
                "Fn::Contains": Array [
                  Array [
                    "1",
                    "2",
                    "3",
                    "4",
                    "5",
                  ],
                  Object {
                    "Ref": "BootstrapVersion",
                  },
                ],
              },
            ],
          },
          "AssertDescription": "CDK bootstrap stack version 6 required. Please run 'cdk bootstrap' with a recent version of the CDK CLI.",
        },
      ],
    },
  },
}
`;
