// Jest Snapshot v1, https://goo.gl/fbAQLP

exports[`SamlIdentityProvider 1`] = `
{
  "Parameters": {
    "BootstrapVersion": {
      "Default": "/cdk-bootstrap/hnb659fds/version",
      "Description": "Version of the CDK Bootstrap resources in this environment, automatically retrieved from SSM Parameter Store. [cdk:skip]",
      "Type": "AWS::SSM::Parameter::Value<String>",
    },
  },
  "Resources": {
    "AWS679f53fac002430cb0da5b7982bd22872D164C4C": {
      "DependsOn": [
        "AWS679f53fac002430cb0da5b7982bd2287ServiceRoleC1EA0FF2",
      ],
      "Properties": {
        "Code": {
          "S3Bucket": {
            "Fn::Sub": "cdk-hnb659fds-assets-\${AWS::AccountId}-\${AWS::Region}",
          },
          "S3Key": "11d371859e49f3b1a49896583254890801a40beada56e4c84409a179a221e2e2.zip",
        },
        "Handler": "index.handler",
        "Role": {
          "Fn::GetAtt": [
            "AWS679f53fac002430cb0da5b7982bd2287ServiceRoleC1EA0FF2",
            "Arn",
          ],
        },
        "Runtime": "nodejs12.x",
        "Timeout": 120,
      },
      "Type": "AWS::Lambda::Function",
    },
    "AWS679f53fac002430cb0da5b7982bd2287ServiceRoleC1EA0FF2": {
      "Properties": {
        "AssumeRolePolicyDocument": {
          "Statement": [
            {
              "Action": "sts:AssumeRole",
              "Effect": "Allow",
              "Principal": {
                "Service": "lambda.amazonaws.com",
              },
            },
          ],
          "Version": "2012-10-17",
        },
        "ManagedPolicyArns": [
          {
            "Fn::Join": [
              "",
              [
                "arn:",
                {
                  "Ref": "AWS::Partition",
                },
                ":iam::aws:policy/service-role/AWSLambdaBasicExecutionRole",
              ],
            ],
          },
        ],
      },
      "Type": "AWS::IAM::Role",
    },
    "IdentityProviderA00909EA": {
      "DeletionPolicy": "Delete",
      "DependsOn": [
        "IdentityProviderCustomResourcePolicy3F0F7442",
      ],
      "Properties": {
        "Create": "{"service":"IAM","action":"createSAMLProvider","parameters":{"Name":"IdentityProviderIdentityProvider","SAMLMetadataDocument":"<?xml version=\\"1.0\\" encoding=\\"utf-8\\"?><EntityDescriptor ID=\\"ID\\" entityID=\\"ID\\"</EntityDescriptor>"},"physicalResourceId":{"responsePath":"SAMLProviderArn"}}",
        "Delete": "{"service":"IAM","action":"deleteSAMLProvider","parameters":{"SAMLProviderArn":"PHYSICAL:RESOURCEID:"}}",
        "InstallLatestAwsSdk": true,
        "ServiceToken": {
          "Fn::GetAtt": [
            "AWS679f53fac002430cb0da5b7982bd22872D164C4C",
            "Arn",
          ],
        },
        "Update": "{"service":"IAM","action":"updateSAMLProvider","parameters":{"SAMLProviderArn":"PHYSICAL:RESOURCEID:","SAMLMetadataDocument":"<?xml version=\\"1.0\\" encoding=\\"utf-8\\"?><EntityDescriptor ID=\\"ID\\" entityID=\\"ID\\"</EntityDescriptor>"},"physicalResourceId":{"responsePath":"SAMLProviderArn"}}",
      },
      "Type": "Custom::SamlIdentityProvider",
      "UpdateReplacePolicy": "Delete",
    },
    "IdentityProviderCustomResourcePolicy3F0F7442": {
      "Properties": {
        "PolicyDocument": {
          "Statement": [
            {
              "Action": [
                "iam:createSAMLProvider",
                "iam:updateSAMLProvider",
                "iam:deleteSAMLProvider",
              ],
              "Effect": "Allow",
              "Resource": {
                "Fn::Join": [
                  "",
                  [
                    "arn:",
                    {
                      "Ref": "AWS::Partition",
                    },
                    ":iam::",
                    {
                      "Ref": "AWS::AccountId",
                    },
                    ":saml-provider/IdentityProviderIdentityProvider",
                  ],
                ],
              },
            },
          ],
          "Version": "2012-10-17",
        },
        "PolicyName": "IdentityProviderCustomResourcePolicy3F0F7442",
        "Roles": [
          {
            "Ref": "AWS679f53fac002430cb0da5b7982bd2287ServiceRoleC1EA0FF2",
          },
        ],
      },
      "Type": "AWS::IAM::Policy",
    },
    "Role1ABCC5F0": {
      "Properties": {
        "AssumeRolePolicyDocument": {
          "Statement": [
            {
              "Action": "sts:AssumeRoleWithSAML",
              "Condition": {
                "StringEquals": {
                  "SAML:aud": "https://signin.aws.amazon.com/saml",
                },
              },
              "Effect": "Allow",
              "Principal": {
                "Federated": {
                  "Fn::GetAtt": [
                    "IdentityProviderA00909EA",
                    "SAMLProviderArn",
                  ],
                },
              },
            },
          ],
          "Version": "2012-10-17",
        },
      },
      "Type": "AWS::IAM::Role",
    },
  },
  "Rules": {
    "CheckBootstrapVersion": {
      "Assertions": [
        {
          "Assert": {
            "Fn::Not": [
              {
                "Fn::Contains": [
                  [
                    "1",
                    "2",
                    "3",
                    "4",
                    "5",
                  ],
                  {
                    "Ref": "BootstrapVersion",
                  },
                ],
              },
            ],
          },
          "AssertDescription": "CDK bootstrap stack version 6 required. Please run 'cdk bootstrap' with a recent version of the CDK CLI.",
        },
      ],
    },
  },
}
`;
